package main

import "net/http"

func makeHandler() http.HandlerFunc {
	return func(http.ResponseWriter, *http.Request) {}
}

func main() {
	aHandler := func(http.ResponseWriter, *http.Request) {}

	http.HandleFunc(newrelic.WrapHandleFunc(newrelicApp, "/a", aHandler))
	http.HandleFunc(newrelic.WrapHandleFunc(newrelicApp, "/b", func(http.ResponseWriter, *http.Request) {}))
	http.HandleFunc(newrelic.WrapHandleFunc(newrelicApp, "/c", makeHandler()))
}
